data/breakfast-at-the-frat/subsets/complete/3800039118-21237-complete.csv
"WEEK_END_DATE","STORE_NUM","UPC","UNITS","VISITS","HHS","SPEND","PRICE","BASE_PRICE","FEATURE","DISPLAY","TPR_ONLY","WEEK_END_DATE_2","YEAR","MONTH","DAY_OF_MONTH","ABS_DISCOUNT","REL_DISCOUNT"
"14-01-2009",21237,3800039118,37,37,36,98.79,2.67,3.27,1,0,0,2009-01-14,2009,1,14,-0.6,-0.18348623853211
"21-01-2009",21237,3800039118,57,52,52,152.19,2.67,3.27,1,0,0,2009-01-21,2009,1,21,-0.6,-0.18348623853211
"28-01-2009",21237,3800039118,18,18,18,61.02,3.39,3.39,0,0,0,2009-01-28,2009,1,28,0,0
"04-02-2009",21237,3800039118,21,20,20,71.19,3.39,3.39,0,0,0,2009-02-04,2009,2,4,0,0
"11-02-2009",21237,3800039118,13,13,13,44.07,3.39,3.39,0,0,0,2009-02-11,2009,2,11,0,0
"18-02-2009",21237,3800039118,20,20,20,64,3.2,3.2,0,0,0,2009-02-18,2009,2,18,0,0
"25-02-2009",21237,3800039118,9,9,9,28.44,3.16,3.16,0,0,0,2009-02-25,2009,2,25,0,0
"04-03-2009",21237,3800039118,9,9,9,28.8,3.2,3.2,0,0,0,2009-03-04,2009,3,4,0,0
"11-03-2009",21237,3800039118,18,18,18,56.16,3.12,3.12,0,0,0,2009-03-11,2009,3,11,0,0
"18-03-2009",21237,3800039118,79,75,72,196.71,2.49,3.12,1,1,0,2009-03-18,2009,3,18,-0.63,-0.201923076923077
"25-03-2009",21237,3800039118,82,78,78,205,2.5,3.12,1,0,0,2009-03-25,2009,3,25,-0.62,-0.198717948717949
"01-04-2009",21237,3800039118,57,55,54,141.93,2.49,3.12,0,1,0,2009-04-01,2009,4,1,-0.63,-0.201923076923077
"08-04-2009",21237,3800039118,13,13,13,41.6,3.2,3.2,0,0,0,2009-04-08,2009,4,8,0,0
"15-04-2009",21237,3800039118,3,3,3,9.6,3.2,3.2,0,0,0,2009-04-15,2009,4,15,0,0
"22-04-2009",21237,3800039118,14,14,14,44.8,3.2,3.2,0,0,0,2009-04-22,2009,4,22,0,0
"29-04-2009",21237,3800039118,6,6,6,19.2,3.2,3.2,0,0,0,2009-04-29,2009,4,29,0,0
"06-05-2009",21237,3800039118,14,12,12,44.8,3.2,3.2,0,0,0,2009-05-06,2009,5,6,0,0
"13-05-2009",21237,3800039118,14,14,13,44.8,3.2,3.2,0,0,0,2009-05-13,2009,5,13,0,0
"20-05-2009",21237,3800039118,18,17,17,57.6,3.2,3.2,0,0,0,2009-05-20,2009,5,20,0,0
"27-05-2009",21237,3800039118,8,8,8,25.6,3.2,3.2,0,0,0,2009-05-27,2009,5,27,0,0
"03-06-2009",21237,3800039118,28,27,27,89.6,3.2,3.2,0,0,0,2009-06-03,2009,6,3,0,0
"10-06-2009",21237,3800039118,51,53,53,126.99,2.49,3.2,1,1,0,2009-06-10,2009,6,10,-0.71,-0.221875
"17-06-2009",21237,3800039118,68,67,66,169.32,2.49,3.2,1,1,0,2009-06-17,2009,6,17,-0.71,-0.221875
"24-06-2009",21237,3800039118,15,15,15,48,3.2,3.2,0,0,0,2009-06-24,2009,6,24,0,0
"01-07-2009",21237,3800039118,11,11,11,35.2,3.2,3.2,0,0,0,2009-07-01,2009,7,1,0,0
"08-07-2009",21237,3800039118,16,16,16,51.2,3.2,3.2,0,0,0,2009-07-08,2009,7,8,0,0
"15-07-2009",21237,3800039118,13,13,13,41.6,3.2,3.2,0,0,0,2009-07-15,2009,7,15,0,0
"22-07-2009",21237,3800039118,8,8,8,25.6,3.2,3.2,0,0,0,2009-07-22,2009,7,22,0,0
"29-07-2009",21237,3800039118,6,6,6,19.2,3.2,3.2,0,0,0,2009-07-29,2009,7,29,0,0
"05-08-2009",21237,3800039118,309,257,254,512.94,1.66,3.2,1,0,0,2009-08-05,2009,8,5,-1.54,-0.48125
"12-08-2009",21237,3800039118,21,21,21,60.9,2.9,2.9,0,0,0,2009-08-12,2009,8,12,0,0
"19-08-2009",21237,3800039118,177,157,155,442.5,2.5,2.9,1,1,0,2009-08-19,2009,8,19,-0.4,-0.137931034482759
"26-08-2009",21237,3800039118,27,27,27,83.16,3.08,3.08,0,0,0,2009-08-26,2009,8,26,0,0
"02-09-2009",21237,3800039118,18,17,17,57.6,3.2,3.2,0,0,0,2009-09-02,2009,9,2,0,0
"09-09-2009",21237,3800039118,37,34,34,118.4,3.2,3.2,0,0,0,2009-09-09,2009,9,9,0,0
"16-09-2009",21237,3800039118,20,21,20,64,3.2,3.2,0,0,0,2009-09-16,2009,9,16,0,0
"23-09-2009",21237,3800039118,27,26,26,86.4,3.2,3.2,0,0,0,2009-09-23,2009,9,23,0,0
"30-09-2009",21237,3800039118,22,21,21,70.4,3.2,3.2,0,0,0,2009-09-30,2009,9,30,0,0
"07-10-2009",21237,3800039118,27,25,25,86.4,3.2,3.2,0,0,0,2009-10-07,2009,10,7,0,0
"14-10-2009",21237,3800039118,58,49,49,145,2.5,3.2,0,0,1,2009-10-14,2009,10,14,-0.7,-0.21875
"21-10-2009",21237,3800039118,48,42,42,119.52,2.49,3.2,0,0,1,2009-10-21,2009,10,21,-0.71,-0.221875
"28-10-2009",21237,3800039118,62,59,59,154.38,2.49,3.2,0,0,1,2009-10-28,2009,10,28,-0.71,-0.221875
"04-11-2009",21237,3800039118,73,65,63,181.77,2.49,3.2,0,0,1,2009-11-04,2009,11,4,-0.71,-0.221875
"11-11-2009",21237,3800039118,26,26,26,79.3,3.05,3.05,0,0,0,2009-11-11,2009,11,11,0,0
"18-11-2009",21237,3800039118,32,31,31,102.4,3.2,3.2,0,0,0,2009-11-18,2009,11,18,0,0
"25-11-2009",21237,3800039118,90,81,80,225,2.5,3.2,1,1,0,2009-11-25,2009,11,25,-0.7,-0.21875
"02-12-2009",21237,3800039118,78,76,76,194.22,2.49,3.2,0,1,0,2009-12-02,2009,12,2,-0.71,-0.221875
"09-12-2009",21237,3800039118,335,279,275,592.95,1.77,3.2,1,0,0,2009-12-09,2009,12,9,-1.43,-0.446875
"16-12-2009",21237,3800039118,18,18,18,57.6,3.2,3.2,0,0,0,2009-12-16,2009,12,16,0,0
"23-12-2009",21237,3800039118,24,21,21,76.8,3.2,3.2,0,0,0,2009-12-23,2009,12,23,0,0
"30-12-2009",21237,3800039118,21,21,21,67.2,3.2,3.2,0,0,0,2009-12-30,2009,12,30,0,0
"06-01-2010",21237,3800039118,19,19,19,60.8,3.2,3.2,0,0,0,2010-01-06,2010,1,6,0,0
"13-01-2010",21237,3800039118,25,24,23,80,3.2,3.2,0,0,0,2010-01-13,2010,1,13,0,0
"20-01-2010",21237,3800039118,20,17,17,64,3.2,3.2,0,0,0,2010-01-20,2010,1,20,0,0
"27-01-2010",21237,3800039118,20,20,20,64,3.2,3.2,0,0,0,2010-01-27,2010,1,27,0,0
"03-02-2010",21237,3800039118,16,16,16,51.2,3.2,3.2,0,0,0,2010-02-03,2010,2,3,0,0
"10-02-2010",21237,3800039118,32,32,31,100.16,3.13,3.13,0,0,0,2010-02-10,2010,2,10,0,0
"17-02-2010",21237,3800039118,23,23,22,71.99,3.13,3.13,0,0,0,2010-02-17,2010,2,17,0,0
"24-02-2010",21237,3800039118,27,27,27,84.51,3.13,3.13,0,0,0,2010-02-24,2010,2,24,0,0
"03-03-2010",21237,3800039118,164,141,137,410,2.5,3.13,1,1,0,2010-03-03,2010,3,3,-0.63,-0.201277955271565
"10-03-2010",21237,3800039118,28,30,30,88.2,3.15,3.15,0,0,0,2010-03-10,2010,3,10,0,0
"17-03-2010",21237,3800039118,9,9,9,28.17,3.13,3.13,0,0,0,2010-03-17,2010,3,17,0,0
"24-03-2010",21237,3800039118,22,21,21,68.86,3.13,3.13,0,0,0,2010-03-24,2010,3,24,0,0
"31-03-2010",21237,3800039118,24,22,22,71.76,2.99,2.99,0,0,0,2010-03-31,2010,3,31,0,0
"07-04-2010",21237,3800039118,28,27,27,83.72,2.99,2.99,0,0,0,2010-04-07,2010,4,7,0,0
"14-04-2010",21237,3800039118,25,24,24,74.75,2.99,2.99,0,0,0,2010-04-14,2010,4,14,0,0
"21-04-2010",21237,3800039118,30,29,29,89.7,2.99,2.99,0,0,0,2010-04-21,2010,4,21,0,0
"28-04-2010",21237,3800039118,196,181,179,388.08,1.98,2.99,1,1,0,2010-04-28,2010,4,28,-1.01,-0.337792642140468
"05-05-2010",21237,3800039118,197,182,182,388.09,1.97,2.99,0,1,0,2010-05-05,2010,5,5,-1.02,-0.341137123745819
"12-05-2010",21237,3800039118,169,158,156,334.62,1.98,2.99,1,1,0,2010-05-12,2010,5,12,-1.01,-0.337792642140468
"19-05-2010",21237,3800039118,156,145,142,307.32,1.97,2.99,0,0,1,2010-05-19,2010,5,19,-1.02,-0.341137123745819
"26-05-2010",21237,3800039118,29,28,27,86.71,2.99,2.99,0,0,0,2010-05-26,2010,5,26,0,0
"02-06-2010",21237,3800039118,27,25,25,80.73,2.99,2.99,0,0,0,2010-06-02,2010,6,2,0,0
"09-06-2010",21237,3800039118,44,42,42,131.56,2.99,2.99,1,0,0,2010-06-09,2010,6,9,0,0
"16-06-2010",21237,3800039118,82,76,76,203.36,2.48,2.99,1,0,0,2010-06-16,2010,6,16,-0.51,-0.17056856187291
"23-06-2010",21237,3800039118,48,40,40,118.56,2.47,2.99,0,0,1,2010-06-23,2010,6,23,-0.52,-0.173913043478261
"30-06-2010",21237,3800039118,30,27,27,89.7,2.99,2.99,0,0,0,2010-06-30,2010,6,30,0,0
"07-07-2010",21237,3800039118,20,19,19,59.8,2.99,2.99,0,0,0,2010-07-07,2010,7,7,0,0
"14-07-2010",21237,3800039118,33,31,31,98.67,2.99,2.99,0,0,0,2010-07-14,2010,7,14,0,0
"21-07-2010",21237,3800039118,32,31,31,95.68,2.99,2.99,0,0,0,2010-07-21,2010,7,21,0,0
"28-07-2010",21237,3800039118,36,34,34,107.64,2.99,2.99,0,0,0,2010-07-28,2010,7,28,0,0
"04-08-2010",21237,3800039118,30,29,28,89.7,2.99,2.99,0,0,0,2010-08-04,2010,8,4,0,0
"11-08-2010",21237,3800039118,42,42,42,125.58,2.99,2.99,0,0,0,2010-08-11,2010,8,11,0,0
"18-08-2010",21237,3800039118,27,27,27,80.73,2.99,2.99,0,0,0,2010-08-18,2010,8,18,0,0
"25-08-2010",21237,3800039118,16,16,16,47.84,2.99,2.99,0,0,0,2010-08-25,2010,8,25,0,0
"01-09-2010",21237,3800039118,19,19,19,56.81,2.99,2.99,0,0,0,2010-09-01,2010,9,1,0,0
"08-09-2010",21237,3800039118,17,17,17,52.53,3.09,3.09,0,0,0,2010-09-08,2010,9,8,0,0
"15-09-2010",21237,3800039118,22,22,22,67.98,3.09,3.09,0,0,0,2010-09-15,2010,9,15,0,0
"22-09-2010",21237,3800039118,21,21,21,64.89,3.09,3.09,0,0,0,2010-09-22,2010,9,22,0,0
"29-09-2010",21237,3800039118,11,11,11,36.52,3.32,3.32,0,0,0,2010-09-29,2010,9,29,0,0
"06-10-2010",21237,3800039118,16,16,16,53.12,3.32,3.32,0,0,0,2010-10-06,2010,10,6,0,0
"13-10-2010",21237,3800039118,146,136,133,290.54,1.99,3.32,1,1,0,2010-10-13,2010,10,13,-1.33,-0.400602409638554
"20-10-2010",21237,3800039118,135,123,123,268.65,1.99,3.32,1,1,0,2010-10-20,2010,10,20,-1.33,-0.400602409638554
"27-10-2010",21237,3800039118,25,25,24,80.25,3.21,3.21,0,0,0,2010-10-27,2010,10,27,0,0
"03-11-2010",21237,3800039118,19,19,19,63.08,3.32,3.32,0,0,0,2010-11-03,2010,11,3,0,0
"10-11-2010",21237,3800039118,34,34,34,112.88,3.32,3.32,0,0,0,2010-11-10,2010,11,10,0,0
"17-11-2010",21237,3800039118,30,30,30,99.6,3.32,3.32,0,0,0,2010-11-17,2010,11,17,0,0
"24-11-2010",21237,3800039118,30,29,29,99.6,3.32,3.32,0,0,0,2010-11-24,2010,11,24,0,0
"01-12-2010",21237,3800039118,13,13,13,43.16,3.32,3.32,0,0,0,2010-12-01,2010,12,1,0,0
"08-12-2010",21237,3800039118,30,30,30,99.6,3.32,3.32,0,0,0,2010-12-08,2010,12,8,0,0
"15-12-2010",21237,3800039118,25,24,24,83,3.32,3.32,0,0,0,2010-12-15,2010,12,15,0,0
"22-12-2010",21237,3800039118,13,13,13,43.16,3.32,3.32,0,0,0,2010-12-22,2010,12,22,0,0
"29-12-2010",21237,3800039118,23,23,23,76.36,3.32,3.32,0,0,0,2010-12-29,2010,12,29,0,0
"05-01-2011",21237,3800039118,21,21,21,69.72,3.32,3.32,0,0,0,2011-01-05,2011,1,5,0,0
"12-01-2011",21237,3800039118,47,46,46,156.04,3.32,3.32,0,0,0,2011-01-12,2011,1,12,0,0
"19-01-2011",21237,3800039118,33,33,33,109.56,3.32,3.32,0,0,0,2011-01-19,2011,1,19,0,0
"26-01-2011",21237,3800039118,22,22,22,73.04,3.32,3.32,0,0,0,2011-01-26,2011,1,26,0,0
"02-02-2011",21237,3800039118,141,122,121,351.09,2.49,3.32,1,1,0,2011-02-02,2011,2,2,-0.83,-0.25
"09-02-2011",21237,3800039118,109,99,95,272.5,2.5,3.32,1,0,0,2011-02-09,2011,2,9,-0.82,-0.246987951807229
"16-02-2011",21237,3800039118,28,28,28,92.96,3.32,3.32,0,0,0,2011-02-16,2011,2,16,0,0
"23-02-2011",21237,3800039118,20,20,20,66.4,3.32,3.32,0,0,0,2011-02-23,2011,2,23,0,0
"02-03-2011",21237,3800039118,31,31,31,102.92,3.32,3.32,0,0,0,2011-03-02,2011,3,2,0,0
"09-03-2011",21237,3800039118,30,29,29,99.6,3.32,3.32,0,0,0,2011-03-09,2011,3,9,0,0
"16-03-2011",21237,3800039118,28,28,28,92.96,3.32,3.32,0,0,0,2011-03-16,2011,3,16,0,0
"23-03-2011",21237,3800039118,17,17,16,56.44,3.32,3.32,0,0,0,2011-03-23,2011,3,23,0,0
"30-03-2011",21237,3800039118,26,25,25,86.32,3.32,3.32,0,0,0,2011-03-30,2011,3,30,0,0
"06-04-2011",21237,3800039118,15,15,15,49.8,3.32,3.32,0,0,0,2011-04-06,2011,4,6,0,0
"13-04-2011",21237,3800039118,10,10,10,33.2,3.32,3.32,0,0,0,2011-04-13,2011,4,13,0,0
"20-04-2011",21237,3800039118,9,9,9,29.88,3.32,3.32,0,0,0,2011-04-20,2011,4,20,0,0
"27-04-2011",21237,3800039118,11,11,11,36.52,3.32,3.32,0,0,0,2011-04-27,2011,4,27,0,0
"04-05-2011",21237,3800039118,179,163,162,356.21,1.99,3.32,1,1,0,2011-05-04,2011,5,4,-1.33,-0.400602409638554
"11-05-2011",21237,3800039118,204,184,182,403.92,1.98,3.32,1,1,0,2011-05-11,2011,5,11,-1.34,-0.403614457831325
"18-05-2011",21237,3800039118,195,166,160,386.1,1.98,3.32,1,1,0,2011-05-18,2011,5,18,-1.34,-0.403614457831325
"25-05-2011",21237,3800039118,151,137,137,297.47,1.97,3.32,1,1,0,2011-05-25,2011,5,25,-1.35,-0.406626506024096
"01-06-2011",21237,3800039118,24,23,23,79.68,3.32,3.32,0,0,0,2011-06-01,2011,6,1,0,0
"08-06-2011",21237,3800039118,23,23,23,76.36,3.32,3.32,0,0,0,2011-06-08,2011,6,8,0,0
"15-06-2011",21237,3800039118,19,19,19,63.08,3.32,3.32,0,0,0,2011-06-15,2011,6,15,0,0
"22-06-2011",21237,3800039118,54,52,52,146.88,2.72,3.32,0,0,1,2011-06-22,2011,6,22,-0.6,-0.180722891566265
"29-06-2011",21237,3800039118,43,36,36,113.52,2.64,3.32,0,0,1,2011-06-29,2011,6,29,-0.68,-0.204819277108434
"06-07-2011",21237,3800039118,13,13,13,43.16,3.32,3.32,0,0,0,2011-07-06,2011,7,6,0,0
"13-07-2011",21237,3800039118,73,68,68,160.6,2.2,3.32,0,0,1,2011-07-13,2011,7,13,-1.12,-0.337349397590361
"20-07-2011",21237,3800039118,327,263,256,608.22,1.86,3.32,1,1,0,2011-07-20,2011,7,20,-1.46,-0.439759036144578
"27-07-2011",21237,3800039118,306,247,241,645.66,2.11,3.32,1,1,0,2011-07-27,2011,7,27,-1.21,-0.364457831325301
"03-08-2011",21237,3800039118,19,19,18,64.22,3.38,3.38,0,0,0,2011-08-03,2011,8,3,0,0
"10-08-2011",21237,3800039118,20,18,18,67.6,3.38,3.38,0,0,0,2011-08-10,2011,8,10,0,0
"17-08-2011",21237,3800039118,11,11,11,37.18,3.38,3.38,0,0,0,2011-08-17,2011,8,17,0,0
"24-08-2011",21237,3800039118,8,8,8,27.04,3.38,3.38,0,0,0,2011-08-24,2011,8,24,0,0
"31-08-2011",21237,3800039118,10,10,10,33.8,3.38,3.38,0,0,0,2011-08-31,2011,8,31,0,0
"07-09-2011",21237,3800039118,24,23,23,81.12,3.38,3.38,0,0,0,2011-09-07,2011,9,7,0,0
"14-09-2011",21237,3800039118,28,25,25,94.64,3.38,3.38,0,0,0,2011-09-14,2011,9,14,0,0
"21-09-2011",21237,3800039118,14,14,14,47.32,3.38,3.38,0,0,0,2011-09-21,2011,9,21,0,0
"28-09-2011",21237,3800039118,20,19,19,67.6,3.38,3.38,0,0,0,2011-09-28,2011,9,28,0,0
"05-10-2011",21237,3800039118,15,15,15,53.25,3.55,3.55,0,0,0,2011-10-05,2011,10,5,0,0
"12-10-2011",21237,3800039118,18,18,18,63.9,3.55,3.55,0,0,0,2011-10-12,2011,10,12,0,0
"19-10-2011",21237,3800039118,12,11,11,42.6,3.55,3.55,0,0,0,2011-10-19,2011,10,19,0,0
"26-10-2011",21237,3800039118,12,12,12,42.6,3.55,3.55,0,0,0,2011-10-26,2011,10,26,0,0
"02-11-2011",21237,3800039118,106,93,92,266.06,2.51,3.55,1,1,0,2011-11-02,2011,11,2,-1.04,-0.292957746478873
"09-11-2011",21237,3800039118,10,10,10,34.9,3.49,3.49,0,0,0,2011-11-09,2011,11,9,0,0
"16-11-2011",21237,3800039118,13,13,13,45.37,3.49,3.49,0,0,0,2011-11-16,2011,11,16,0,0
"23-11-2011",21237,3800039118,13,12,12,45.37,3.49,3.49,0,0,0,2011-11-23,2011,11,23,0,0
"30-11-2011",21237,3800039118,11,11,11,38.39,3.49,3.49,0,0,0,2011-11-30,2011,11,30,0,0
"07-12-2011",21237,3800039118,178,158,152,359.56,2.02,3.49,1,1,0,2011-12-07,2011,12,7,-1.47,-0.421203438395416
"14-12-2011",21237,3800039118,191,172,169,378.18,1.98,3.49,1,1,0,2011-12-14,2011,12,14,-1.51,-0.432664756446991
"21-12-2011",21237,3800039118,18,18,18,62.1,3.45,3.45,0,0,0,2011-12-21,2011,12,21,0,0
"28-12-2011",21237,3800039118,8,8,8,27.92,3.49,3.49,0,0,0,2011-12-28,2011,12,28,0,0
"04-01-2012",21237,3800039118,8,8,8,27.92,3.49,3.49,0,0,0,2012-01-04,2012,1,4,0,0
